OK   001      3647 About This Project.md
OK   002     10166 Home.md
OK   003      8675 articles/Beating Some Charges Losing Others.md
OK   004     12614 articles/Chain of Custody Problems.md
OK   005     37643 articles/Charges and Elements.md
OK   006     19044 articles/Defense Problems.md
OK   007     10765 articles/Defense Strategies and Degrees of Liability.md
OK   008     13531 articles/Gaps in the Investigation.md
OK   009     14192 articles/How Robinson Was Identified.md
OK   010     16795 articles/Insufficiency of the Evidence.md
OK   011      4259 articles/Line of Sight and Shot Geometry.md
OK   012      7709 articles/Official Statements and the FBI Case File.md
OK   013     19403 articles/Prosecution Problems.md
OK   014     12420 articles/Roles and Responsibilities at the Scene.md
OK   015      7116 articles/Sources.md
OK   016     28262 articles/The Death Penalty in Utah.md
OK   017     13377 articles/The Established Record.md
OK   018     14607 articles/Timeline.md
OK   019     19420 articles/What Is Genuinely Open.md
OK   020     13473 documents/Court Documents Index.md
OK   021     86928 documents/case-files/2025-09-12_charging_probable-cause-affidavit.pdf
OK   022    725082 documents/case-files/2025-09-12_court_order-hold-without-bail.pdf
OK   023    737186 documents/case-files/2025-09-12_intake_public-safety-assessment.pdf
OK   024    280690 documents/case-files/2025-09_charging_information-charges.pdf
OK   025   8703749 documents/case-files/2025-09_charging_police-affidavit-full.pdf
OK   026    116895 documents/case-files/2025-09_charging_search-warrant-affidavit.pdf
OK   027   3460751 documents/case-files/2025-10-27_court_ruling-civilian-clothing-and-restraints.pdf
OK   028   3087935 documents/case-files/2025-10-27_court_standing-decorum-order.pdf
OK   029    160002 documents/case-files/2025-10-27_stipulated-motion-extend-time.pdf
OK   030    763515 documents/case-files/2025-10-28_court_order-granting-extend-time.pdf
OK   031    144379 documents/case-files/2025-10-30_media_request-for-notice.pdf
OK   032    760548 documents/case-files/2025-11-04_court_order-re-evidence.pdf
OK   033     12221 documents/case-files/2025-11-06_docket.pdf
OK   034    214446 documents/case-files/2025-11-06_state_motion-amend-publicity-order.pdf
OK   035    260997 documents/case-files/2025-11-10_court_order-requiring-service-on-media.pdf
OK   036    196997 documents/case-files/2025-11-10_defense_response-media-request-notice.pdf
OK   037     21640 documents/case-files/2025-11-20_court_notice-in-person-review-hearing.pdf
OK   038     13226 documents/case-files/2025-11-20_docket.pdf
OK   039    207579 documents/case-files/2025-11_joint_status-report-transcript-redactions-oct24-sealed-hearing.pdf
OK   040     50913 documents/case-files/2025-12-04_victim_restitution-subrogation-notice.pdf
OK   041    540237 documents/case-files/2025-12-22_state_notice-intent-nondestructive-testing.pdf
OK   042   1369739 documents/case-files/2026-01-09_defense_motion-prohibit-alteration-bullet-jacket-fragment.pdf
OK   043    182000 documents/case-files/2026-01-27_defense_notice-objection-exhibit-4.1.pdf
OK   044     19872 documents/case-files/2026-02-03_court_exhibit-list-disqualification-hearing.pdf
OK   045    174911 documents/case-files/2026-04-03_defense_supplemental-discovery-request.pdf
OK   046   3601562 documents/case-files/2026-04-10_defense_motion-osc-contempt-and-compel-discovery.pdf
OK   047    266457 documents/case-files/2026-04-10_defense_reply-support-motion-vacate-continue-prelim.pdf
OK   048    516362 documents/case-files/2026-04-10_state_objection-supplemental-discovery-request.pdf
OK   049   5492425 documents/case-files/2026-04-16_defense_declaration-counsel-support-osc.pdf
OK   050    195116 documents/case-files/2026-05-01_defense_motion-in-limine-close-hearing-exclude-exhibits.pdf
OK   051    149350 documents/case-files/2026-05-01_state_supplemental-notice-evidence-at-prelim.pdf
OK   052    267619 documents/case-files/2026-05-06_defense_motion-in-limine-preclude-1102-hearsay.pdf
OK   053    372832 documents/case-files/2026-05-06_state_prelim-witness-and-exhibit-list.pdf
OK   054    495303 documents/case-files/2026-05-07_defense_reply-osc-contempt-compel-discovery.pdf
OK   055   4029500 documents/case-files/2026-05-08_court_ruling-deny-exclude-cameras-standing-media-order.pdf
OK   056    729810 documents/case-files/2026-05-12_court_minute-entry-rulings-continue-and-exclude.pdf
OK   057    309560 documents/case-files/2026-05-15_state_response-motion-in-limine-close-hearing.pdf
OK   058    233490 documents/case-files/2026-05-18_defense_reply-support-motion-close-seal-hearing.pdf
OK   059    268404 documents/case-files/2026-06-01_court_ruling-grant-osc-deny-compel-discovery.pdf
OK   060    157690 documents/case-files/2026-06-03_defense_request-submit-motion-in-limine-1102.pdf
OK   061    170167 documents/case-files/2026-06-03_defense_request-submit-overlength-reply-motion-in-limine.pdf
OK   062    148727 documents/case-files/2026-06-09_defense_request-submit-motion-stay-pending-interlocutory.pdf
OK   063   5935938 documents/case-files/2026-06-11_defense_petition-permission-appeal-interlocutory.pdf
OK   064     51219 documents/case-files/2026-06-11_victim_restitution-subrogation-notice-coltrin.pdf
OK   065    108063 documents/case-files/2026-06-12_ag_notice-not-respond-constitutional-challenge.pdf
OK   066    617981 documents/case-files/2026-06-12_court_ruling-deny-stay-pending-interlocutory-appeal.pdf
OK   067    353931 documents/case-files/2026-06-17_state_objection-request-remove-death-penalty-sanction.pdf
OK   068    173823 documents/case-files/2026-06-19_defense_second-supplemental-discovery-request.pdf
OK   069    380001 documents/case-files/2026-06-23_court_ruling-deny-preclude-1102-hearsay-prelim.pdf
OK   070    918590 documents/case-files/2026-06-26_court_ruling-contempt-order-to-show-cause.pdf
OK   071    148897 documents/case-files/2026-07-02_state_response-second-supplemental-discovery-request.pdf
OK   072    180781 documents/case-files/2026-07-03_defense_standing-objections-hearing-exhibits.pdf
OK   073    190605 documents/case-files/2026-07-08_victim_supplemental-notice-access-to-evidence.pdf
OK   074     93068 documents/case-files/2026-07-11_victim_family-statement-speedy-bindover.pdf
OK   075    246427 documents/case-files/charging_affidavit-redacted.pdf
OK   076    220652 documents/case-files/defense_memo-opposing-classify-transcript-private.pdf
OK   077   2739676 documents/case-files/defense_motion-disqualify-county-attorney.pdf
OK   078    244433 documents/case-files/defense_motion-exclude-still-photographers.pdf
OK   079   1551455 documents/case-files/defense_motion-to-vacate-or-continue-prelim.pdf
OK   080    211672 documents/case-files/defense_objection-to-state-motion-amend-clarify.pdf
OK   081    170617 documents/case-files/defense_reply-motion-disqualify-request-take-evidence.pdf
OK   082    196466 documents/case-files/defense_response-to-media-intervenors.pdf
OK   083    434546 documents/case-files/defense_response-to-motion-to-appear-at-hearings.pdf
OK   084     11002 documents/case-files/docket_full-printout.pdf
OK   085    174069 documents/case-files/media_memo-opposing-motion-to-classify.pdf
OK   086    292142 documents/case-files/media_memo-opposing-stipulated-motion-classify-transcript.pdf
OK   087    268326 documents/case-files/media_motion-for-limited-intervention.pdf
OK   088    226712 documents/case-files/media_reply-support-motion-limited-intervention.pdf
OK   089    149527 documents/case-files/media_request-submit-motion-limited-intervention.pdf
OK   090   4501329 documents/case-files/state_opposition-motion-disqualify-county-attorney.pdf
OK   091   3236600 documents/case-files/state_opposition-to-motion-to-show-cause.pdf
OK   092    216048 documents/case-files/state_reply-support-motion-amend-clarify-order.pdf
OK   093    170035 documents/case-files/state_reply-support-stipulated-motion-classify-transcript.pdf
OK   094    123589 documents/case-files/state_request-submit-motion-amend-clarify-order.pdf
OK   095    199613 documents/case-files/state_response-to-media-intervenors.pdf
OK   096   1060521 documents/case-files/transcript_sealed-motion-hearing-redacted.pdf
OK   097    106982 documents/case-files/victim_invocation-of-speedy-trial-rights.pdf
OK   098      2083 documents/filings/2025-09-12 - Affidavit of Probable Cause.md
OK   099      1676 documents/filings/2025-09-12 - Order to Hold Without Bail.md
OK   100      1811 documents/filings/2025-09-12 - Public Safety Assessment.md
OK   101      1957 documents/filings/2025-09-12 - Redacted Affidavit of Probable Cause.md
OK   102      1965 documents/filings/2025-09-12 - The Full Police Affidavit.md
OK   103      2703 documents/filings/2025-09-16 - The Information and Charges.md
OK   104      1942 documents/filings/2025-09-17 - The Search Warrant Affidavit.md
OK   105      1957 documents/filings/2025-10-22 - Defense Reply on Appearing in Civilian Clothing Without Restraints.md
OK   106      2167 documents/filings/2025-10-24 - Redacted Transcript of the October 24 Sealed Motion Hearing.md
OK   107      1931 documents/filings/2025-10-27 - Ruling on Civilian Clothing and Restraints.md
OK   108      1743 documents/filings/2025-10-27 - Standing Decorum Order.md
OK   109      1718 documents/filings/2025-10-27 - Stipulated Motion to Extend Time.md
OK   110      1328 documents/filings/2025-10-28 - Order Granting Extension of Time.md
OK   111      1355 documents/filings/2025-10-29 - Full Docket Printout October 29 2025.md
OK   112      1578 documents/filings/2025-10-30 - Request for Notice of Motions to Close.md
OK   113      1741 documents/filings/2025-11-04 - Order on Evidence Preservation.md
OK   114      1989 documents/filings/2025-11-05 - Motion for Limited Intervention.md
OK   115      1309 documents/filings/2025-11-06 - Docket Sheet November 6 2025.md
OK   116      1958 documents/filings/2025-11-06 - State Motion to Amend or Clarify the Publicity Order.md
OK   117      1965 documents/filings/2025-11-10 - Defense Response to Media Request for Notice.md
OK   118      1906 documents/filings/2025-11-10 - Order Requiring Service on Media.md
OK   119      1883 documents/filings/2025-11-19 - Defense Response to Proposed Media Intervenors Motion.md
OK   120      2012 documents/filings/2025-11-19 - State Response to Motion for Limited Intervention by Media.md
OK   121      1371 documents/filings/2025-11-20 - Docket Sheet November 20 2025.md
OK   122      1438 documents/filings/2025-11-20 - Notice of In Person Review Hearing.md
OK   123      2156 documents/filings/2025-11-20 - Objection to the States Motion to Amend or Clarify the Publicity Order.md
OK   124      1913 documents/filings/2025-11-26 - Reply in Support of Motion for Limited Intervention.md
OK   125      1970 documents/filings/2025-11-28 - State Reply in Support of Motion to Amend or Clarify the Publicity Order.md
OK   126      1372 documents/filings/2025-11-28 - State Request to Submit for Decision on the Publicity Order Motion.md
OK   127      1431 documents/filings/2025-12-03 - Request to Submit Motion for Limited Intervention.md
OK   128      2123 documents/filings/2025-12-04 - Joint Status Report on Redactions to the October 24 Sealed Hearing Transcript.md
OK   129      1681 documents/filings/2025-12-04 - Victim Restitution and Subrogation Notice.md
OK   130      2012 documents/filings/2025-12-08 - Memo Opposing Stipulated Motion to Classify Transcript.md
OK   131      1893 documents/filings/2025-12-09 - Defense Reply Opposing Media on Classifying October 24 Transcript.md
OK   132      1981 documents/filings/2025-12-09 - State Reply in Support of Stipulated Motion to Classify Transcript as Private.md
OK   133      1974 documents/filings/2025-12-10 - Motion to Disqualify the Utah County Attorneys Office.md
OK   134      3681 documents/filings/2025-12-22 - State Notice of Intent to Conduct Non-Destructive Testing (Bullet Jacket Fragment).md
OK   135      2029 documents/filings/2026-01-05 - State Opposition to Motion to Disqualify the County Attorney.md
OK   136      2149 documents/filings/2026-01-08 - Partial Reply on Disqualification and Request to Take Evidence.md
OK   137      4119 documents/filings/2026-01-09 - Defense Motion to Prohibit Further Alteration of the Bullet Jacket Fragment.md
OK   138      2069 documents/filings/2026-01-15 - Memo Opposing Motion to Classify January Filing.md
OK   139      2026 documents/filings/2026-01-16 - Motion to Exclude Still Photographers TV Cameras and Microphones.md
OK   140      1538 documents/filings/2026-01-16 - Victim Invocation of Speedy Trial Rights.md
OK   141      1248 documents/filings/2026-01-27 - Defense Notice of Objection to Exhibit 4.1.md
OK   142      1398 documents/filings/2026-02-03 - Exhibit List for the February 3 Disqualification Hearing.md
OK   143      2285 documents/filings/2026-03-27 - Motion to Vacate or Continue the Preliminary Hearing.md
OK   144      1253 documents/filings/2026-04-03 - Defense Supplemental Request for Discovery.md
OK   145      2051 documents/filings/2026-04-10 - Defense Motion for Order to Show Cause for Contempt and to Compel Discovery.md
OK   146      1509 documents/filings/2026-04-10 - Defense Reply Supporting the Motion to Vacate or Continue the Preliminary Hearing.md
OK   147      1190 documents/filings/2026-04-10 - State Objection to Defense Supplemental Discovery Request.md
OK   148      1203 documents/filings/2026-04-16 - Declaration of Counsel Supporting the Contempt Motion.md
OK   149      2241 documents/filings/2026-04-30 - State Opposition to Motion to Show Cause for Contempt.md
OK   150      1535 documents/filings/2026-05-01 - Defense Motion in Limine to Close Hearing and Exclude Exhibits.md
OK   151       951 documents/filings/2026-05-01 - State Supplemental Notice re Evidence at Preliminary Hearing.md
OK   152      1937 documents/filings/2026-05-06 - Defense Motion in Limine to Preclude Rule 1102 Hearsay.md
OK   153      1579 documents/filings/2026-05-06 - State Preliminary Hearing Witness and Exhibit List.md
OK   154      1198 documents/filings/2026-05-07 - Defense Reply on the Contempt and Compel-Discovery Motion.md
OK   155      1749 documents/filings/2026-05-08 - Ruling Denying Motion to Exclude Cameras.md
OK   156      1241 documents/filings/2026-05-12 - Minute Entry on the Motions to Continue and to Exclude Cameras.md
OK   157      1246 documents/filings/2026-05-15 - State Response to Defense Motion in Limine.md
OK   158      1516 documents/filings/2026-05-18 - Defense Reply Supporting the Motion to Close and Seal Portions of the Hearing.md
OK   159      1459 documents/filings/2026-06-01 - Ruling Granting Order to Show Cause and Denying Compel Discovery.md
OK   160      1171 documents/filings/2026-06-03 - Request to Submit the Motion in Limine to Preclude Rule 1102 Hearsay.md
OK   161      1069 documents/filings/2026-06-03 - Request to Submit the Overlength Reply on the Rule 1102 Motion.md
OK   162      1170 documents/filings/2026-06-09 - Request to Submit the Motion to Stay Pending Interlocutory Review.md
OK   163      2076 documents/filings/2026-06-11 - Petition for Permission to Appeal the Interlocutory Orders.md
OK   164      1504 documents/filings/2026-06-11 - Restitution Subrogation Notice for Dave Coltrin.md
OK   165      1448 documents/filings/2026-06-12 - Attorney General Notice Not to Respond to Constitutional Challenge.md
OK   166      1508 documents/filings/2026-06-12 - Ruling Denying Stay Pending Interlocutory Appeal.md
OK   167      3951 documents/filings/2026-06-17 - State Objection to the Defense Request to Remove the Death Penalty as a Sanction.md
OK   168      1159 documents/filings/2026-06-19 - Defense Second Supplemental Discovery Request.md
OK   169      1912 documents/filings/2026-06-23 - Ruling Denying Motion to Preclude Rule 1102 Hearsay.md
OK   170      1798 documents/filings/2026-06-26 - Ruling on Contempt Order to Show Cause.md
OK   171      1282 documents/filings/2026-07-02 - State Response to Second Supplemental Discovery Request.md
OK   172      1477 documents/filings/2026-07-03 - Defense Standing Objections to Hearing Exhibits.md
OK   173      1397 documents/filings/2026-07-08 - Victim Family Supplemental Notice on Access to Evidence.md
OK   174      2291 documents/filings/2026-07-11 - Victim Family Statement for Speedy Bindover.md
OK   175  12084034 documents/records/2026-06 - UVU Charlie Kirk Records - Production 1 (cleanup texts).pdf
OK   176  47681866 documents/records/2026-07 - UVU Charlie Kirk Records - Production 2 (GRAMA appeal, declarations, emergency payment).pdf
OK   177    735446 documents/records/2026-07 - UVU Records Prod 2 pg 49 - Emergency Payment (cleanup for shooting incident).pdf
OK   178    642432 documents/records/2026-07 - UVU Records Prod 2 pgs 3-10 - AG Statement of Facts.pdf
OK   179     16750 evidence/Confessions and Admissions.md
OK   180      8248 evidence/Kirks Security Detail.md
OK   181      7622 evidence/Robinson on Campus.md
OK   182      9475 evidence/The Casing Match and DNA.md
OK   183      8581 evidence/The Discord and Text Messages.md
OK   184     19703 evidence/The Engraved Casings.md
OK   185      4445 evidence/The Medical Examiner and the Wound.md
OK   186     14598 evidence/The Phone and Location Data.md
OK   187      7199 evidence/The Rifle.md
OK   188      3453 evidence/The SD Cards.md
OK   189     11027 evidence/The Site Cleanup and Paving Records.md
OK   190      6465 evidence/The Surrender.md
OK   191      8025 evidence/The Surveillance and the Gait.md
OK   192      4431 evidence/The Unattributed Holster.md
OK   193    263119 exhibits/Charges Screenshot.png
OK   194    150115 exhibits/court-docs/affidavit-casings-crop.png
OK   195   1314594 exhibits/court-docs/day 1 ph/brenda wright phone footage affirmation.png
OK   196   1713648 exhibits/court-docs/day 1 ph/cincia d noble nest doorbell videos.png
OK   197   1781929 exhibits/court-docs/day 1 ph/kurtis olsen voluntary statement page 1.png
OK   198   2371216 exhibits/court-docs/day 1 ph/kurtis olsen voluntary statement page 2.png
OK   199   2534431 exhibits/court-docs/day 1 ph/kurtis olsen voluntary statement page 3.png
OK   200   1881044 exhibits/court-docs/day 1 ph/nest doorbell video screenshot.png
OK   201   1673235 exhibits/court-docs/day 1 ph/officer testifying line of sight.png
OK   202   2349728 exhibits/court-docs/day 1 ph/terryl farnsworth camera statement of incident.png
OK   203   1403590 exhibits/court-docs/day 2 ph/dan evidence lab report likelihood ration tyler robinson.png
OK   204   2132698 exhibits/court-docs/day 2 ph/robinson exit garage shorts and shirt.png
OK   205   2402335 exhibits/court-docs/day 2 ph/robinson maroon shirt shorts garage.png
OK   206   2760432 exhibits/court-docs/day 2 ph/robinson maroon shirt shorts stairwell.png
OK   207   2656949 exhibits/court-docs/day 2 ph/robinson pants and long sleeve stiarwell bottom.png
OK   208   2223759 exhibits/court-docs/day 2 ph/robinson pants and long sleeve turning corner.png
OK   209   1301155 exhibits/court-docs/day 2 ph/robinson pants and long sleeve up stairs limp.png
OK   210   1983902 exhibits/court-docs/day 2 ph/robinson pants long sleeves limping down stairs.png
OK   211   2376248 exhibits/court-docs/day 2 ph/robinson rooftop camera at corner of roof.png
OK   212   2614599 exhibits/court-docs/day 2 ph/robinson shirt and shorts stairwell bottom.png
OK   213   2185673 exhibits/court-docs/day 2 ph/robinson shirt and shorts stairwell descend.png
OK   214   2279530 exhibits/court-docs/day 2 ph/robinson shirt and shorts turning corner.png
OK   215   1314207 exhibits/court-docs/day 2 ph/robinson shirt and shorts up stairs.png
OK   216   2346075 exhibits/court-docs/day 2 ph/robinson vehicle exit garage.png
OK   217   2569714 exhibits/court-docs/day 2 ph/robinson vehicle garage entry.png
OK   218   2709705 exhibits/court-docs/day 2 ph/robinson vehicle side garage.png
OK   219   1341803 exhibits/court-docs/day 2 ph/state exhibit 31 dna evidence items reviewed.png
OK   220   1257083 exhibits/court-docs/day 2 ph/state exhibit dna evidence level of support robinson and twiggs.png
OK   221   1830722 exhibits/court-docs/day 3 ph/tyler robinson in custody after surrender maroon shirt.png
OK   222   1306208 exhibits/court-docs/day 4 ph/bullet analysis 30 caliber class identification.png
OK   223   2400606 exhibits/court-docs/day 4 ph/bullet analysis inconclusive explanation.png
OK   224   3221396 exhibits/court-docs/day 4 ph/bullet analysis markings close-up.png
OK   225    796721 exhibits/court-docs/day 4 ph/bullet cartridge back 30-06 rp.png
OK   226    995245 exhibits/court-docs/day 4 ph/bullet cartridge case exhibit notices bulge.png
OK   227    824403 exhibits/court-docs/day 4 ph/bullet cartridge case game arrows.png
OK   228    751197 exhibits/court-docs/day 4 ph/bullet cartridge case hey facist.png
OK   229    856861 exhibits/court-docs/day 4 ph/bullet cartridge case if you read this.png
OK   230    700231 exhibits/court-docs/day 4 ph/bullet cartridge case lmao.png
OK   231    994277 exhibits/court-docs/day 4 ph/bullet cartridge case o bella ciao.png
OK   232    905866 exhibits/court-docs/day 4 ph/bullet cartridge case owo whats that.png
OK   233    847346 exhibits/court-docs/day 4 ph/bullet cartridge case this.png
OK   234   2378455 exhibits/court-docs/day 4 ph/bullet rounds test shot.png
OK   235   2578308 exhibits/court-docs/day 4 ph/burnt note exhibit 24 robinson confession handwritten destroyed.png
OK   236   1157556 exhibits/court-docs/day 4 ph/dna analysis known sample from tyler robinson exhibit 30.png
OK   237   1133986 exhibits/court-docs/day 4 ph/exhibit 32 dan examination results.png
OK   238   1688134 exhibits/court-docs/day 4 ph/exhibit 6a bullet analysis.png
OK   239   1735141 exhibits/court-docs/day 4 ph/gun found in bushes in wooded area.png
OK   240   2969548 exhibits/court-docs/day 4 ph/gun found in wooded area in towel.png
OK   241   1330871 exhibits/court-docs/day 4 ph/lance twiggs testimony screenshot.png
OK   242   5013001 exhibits/court-docs/day 4 ph/robinson gun photo in field.png
OK   243   2008659 exhibits/court-docs/day 4 ph/robinson text checking spot again now for gun.png
OK   244   1953485 exhibits/court-docs/day 4 ph/robinson text drop what you are doing.png
OK   245   1588284 exhibits/court-docs/day 4 ph/robinson text grandpas gun does fine.png
OK   246   1996997 exhibits/court-docs/day 4 ph/robinson text i am im sorry.png
OK   247   1729456 exhibits/court-docs/day 4 ph/robinson text i had enough of his hatred.png
OK   248   2044239 exhibits/court-docs/day 4 ph/robinson text planning over a week.png
OK   249   2231190 exhibits/court-docs/day 4 ph/robinson text re finding gun getting worried.png
OK   250   2174820 exhibits/court-docs/day 4 ph/robinson text sorry for roping you into this.png
OK   251   1919163 exhibits/court-docs/day 4 ph/robinson text worried about returning dads gun.png
OK   252   4404889 exhibits/court-docs/day 4 ph/target sheet with bullet holes.png
OK   253   1824472 exhibits/court-docs/day 4 ph/tyler robinson handwritten letter note to lance twiggs.png
OK   254    349551 exhibits/court-docs/info-confession-and-surrender.png
OK   255    116089 exhibits/court-docs/info-confession-note-crop.png
OK   256    118088 exhibits/court-docs/info-home-search-crop.png
OK   257    287922 exhibits/court-docs/info-text-messages-exchange.png
OK   258     85605 exhibits/court-docs/stateopp-atf-quote-crop.png
OK   259    150035 exhibits/farnsworth-sd-cards-statement.jpg
OK   260      2249 exhibits/kirk-messages-reconstruction.svg
OK   261      7404 exhibits/kirk-shot-geometry-to-scale.svg
OK   262    122664 exhibits/line-of-sight-croy-x-post.jpg
OK   263    157697 exhibits/official/dps-advisory.png
OK   264    111077 exhibits/official/fbi-bohls-remarks.png
OK   265    981574 exhibits/official/fbi-case-page.png
OK   266    212192 exhibits/official/fbi-patel-remarks.png
OK   267     28997 exhibits/official/fbi-poi-1.jpg
OK   268     17316 exhibits/official/fbi-poi-2.jpg
OK   269     30457 exhibits/official/post-cox.svg
OK   270     33333 exhibits/official/post-patel-custody.svg
OK   271     33503 exhibits/official/post-patel-plane.svg
OK   272     33302 exhibits/official/post-patel-released.svg
OK   273    450638 exhibits/people/amanda-bakker.png
OK   274    788696 exhibits/people/brian-davis.png
OK   275   1125714 exhibits/people/charlie-kirk.jpg
OK   276    193208 exhibits/people/chris-bagley.png
OK   277    499084 exhibits/people/david-hull.png
OK   278   2430658 exhibits/people/erika-kirk.jpg
OK   279    524265 exhibits/people/jennifer-faumuina.png
OK   280   1506402 exhibits/people/judge-graf.png
OK   281   6046277 exhibits/people/lance-twiggs.png
OK   282    844874 exhibits/people/samantha-karner.png
OK   283   1158903 exhibits/people/tyler-robinson.png
OK   284      7449 people/A Hypothetical Cover-Up.md
OK   285      1487 people/Andrew Kolvet.md
OK   286      4480 people/Brian Harpole.md
OK   287      1919 people/Charlie Kirk.md
OK   288      3920 people/Dan Flood.md
OK   289      1480 people/Erika Kirk.md
OK   290      7063 people/George Zinn.md
OK   291      6099 people/Greg Shaffer.md
OK   292      4768 people/Hunter Kozak.md
OK   293      4451 people/Jeff Long.md
OK   294      1293 people/Joe Kent.md
OK   295      3875 people/Judge Tony Graf.md
OK   296      8530 people/Lance Twiggs.md
OK   297      1822 people/Mike Mitchell.md
OK   298     13232 people/People Index.md
OK   299      1031 people/Terryl Farnsworth.md
OK   300      3596 people/The Defense Team.md
OK   301      3904 people/The Prosecution.md
OK   302      3315 people/Tyler Robinson.md
OK   303      6406 people/prosecution witnesses/Amanda Bakker.md
OK   304      5090 people/prosecution witnesses/Brian Davis.md
OK   305      5442 people/prosecution witnesses/Caitlin Oliver.md
OK   306      6416 people/prosecution witnesses/Chris Bagley.md
OK   307      5189 people/prosecution witnesses/David Hull.md
OK   308      7917 people/prosecution witnesses/Jennifer Faumuina.md
OK   309      4916 people/prosecution witnesses/Samantha Karner.md
OK   310     22890 preliminary hearing/2026-07-06 - Preliminary Hearing Day 1.md
OK   311     35070 preliminary hearing/2026-07-07 - Preliminary Hearing Day 2.md
OK   312     16469 preliminary hearing/2026-07-08 - Preliminary Hearing Day 3.md
OK   313     21420 preliminary hearing/2026-07-09 - Preliminary Hearing Day 4.md
OK   314     20200 preliminary hearing/2026-07-10 - Preliminary Hearing Day 5.md
OK   315      9169 theories/A Bullet on the Other Roof.md
OK   316      4022 theories/A Second Shooter from a Lower Angle.md
OK   317      2048 theories/A Staffer Pulled the SD Cards.md
OK   318      1847 theories/AI and Deepfake Evidence.md
OK   319      1658 theories/Doctored Suspect Claims.md
OK   320      2630 theories/Erika Kirk and the Security Team.md
OK   321      2241 theories/It Was Staged.md
OK   322      2759 theories/Judge Graf Is Bought Off.md
OK   323      2488 theories/Kirk Team Seized the Security Footage.md
OK   324      4388 theories/Kirk Was Leaving the Pro-Israel Cause.md
OK   325      6949 theories/Lance Twiggs Was More Involved.md
OK   326      3119 theories/Netanyahu Read Kirks Letter.md
OK   327      3350 theories/No Casing or Rifle on the Roof.md
OK   328      4191 theories/Others Had Foreknowledge.md
OK   329      3367 theories/Robinson Did Not Turn Himself In.md
OK   330      4689 theories/Robinson Is a Patsy.md
OK   331      2010 theories/Robinson Texted From Custody.md
OK   333      2020 theories/The Body Camera Conveniently Failed.md
OK   334      4126 theories/The Clothing Was Never Recovered.md
OK   335      5835 theories/The Confession Is Coerced or Fabricated.md
OK   336     10495 theories/The DNA Didn't Match.md
OK   337      2741 theories/The Defense Is Throwing the Case.md
OK   338      5474 theories/The Gun Was His But Planted.md
OK   339     22700 theories/The Inconclusive Bullet.md
OK   340      4064 theories/The Investigation Was Limited.md
OK   341      7261 theories/The Keyboard Note.md
OK   342      2685 theories/The Limp Proves an Impossible Timeline.md
OK   343      2218 theories/The Mic-Bomb Theory.md
OK   344      2788 theories/The Microphone Exploded.md
OK   345      8596 theories/The Missing Exit Wound.md
OK   346      5141 theories/The Plane Theories.md
OK   347      6504 theories/The Scene Was Paved Over.md
OK   348      3452 theories/The Security Detail Was Israeli.md
OK   349      3768 theories/The Shot Came from the Courtyard.md
OK   350      5882 theories/The Surveillance Video Was Doctored.md
OK   351      7029 theories/They Have the Wrong Person.md
OK   352     25071 transcripts/court/2025-09-16 - Initial Appearance Transcript.md
OK   353    134050 transcripts/court/2025-12-11 - December 11 Hearing Transcript.md
OK   354    157038 transcripts/court/2026-01-16 - Disqualification Hearing, Part One Transcript.md
OK   355    196089 transcripts/court/2026-02-03 - Disqualification Hearing, Part Two Transcript.md
OK   356     10725 transcripts/court/2026-06-01 - Camera Access Ruling Transcript.md
OK   357    220792 transcripts/court/2026-06-12 - Contempt Evidentiary Hearing Transcript.md
OK   358     41258 transcripts/court/2026-06-22 - Twiggs Subpoena Hearing Transcript.md
OK   359    353120 transcripts/court/2026-07-06 - Preliminary Hearing Day 1 Transcript.md
OK   360    380437 transcripts/court/2026-07-07 - Preliminary Hearing Day 2 Transcript.md
OK   361    295788 transcripts/court/2026-07-08 - Preliminary Hearing Day 3 Transcript.md
OK   362    648045 transcripts/court/2026-07-09 - Preliminary Hearing Day 4 Transcript.md
OK   363    238209 transcripts/court/2026-07-10 - Preliminary Hearing Day 5 Transcript.md
OK   364      6824 transcripts/court/Hearing Transcripts.md
OK   365     11203 transcripts/interviews/2025-09-12 - Greg Shaffer News Interview.md
OK   366    156007 transcripts/interviews/2025-11-17 - Brian Harpole on the Shawn Ryan Show.md
OK   367      2371 transcripts/interviews/Interviews.md

DONE ok=367 skip=0 bad=0 total=367
