OK   003    737186 003_2025-09-16_Public_Safety_Assessment_Report.pdf
OK   004    724774 004_2025-09-16_Bail_Order.pdf
OK   005     20882 005_2025-09-16_Return_of_Electronic_Notification.pdf
OK   006    142881 006_2025-09-16_Acknowledgment_of_Firearm_Restriction.pdf
OK   007    393197 007_2025-09-16_Order_Proposed_Pretrial_Protective_Order.pdf
OK   008     20934 008_2025-09-16_Return_of_Electronic_Notification.pdf
OK   009    183354 009_2025-09-16_State_s_Notice_of_Intent_to_Seek_the_Death_Penalty.pdf
OK   010     97973 010_2025-09-16_Request_for_Designation_of_Victim_Representative.pdf
OK   011    788956 011_2025-09-16_Order_Pretrial_Protective_Order.pdf
OK   012    728301 012_2025-09-22_Initial_Appearance.pdf
OK   013     21251 013_2025-09-23_Notice_for_Case_251403576_FS_Judge_Tony_F_Graf_Jr.pdf
OK   014    206932 014_2025-09-22_Order_for_Court_Reporter.pdf
OK   015    273063 015_2025-09-22_Protection_Order_Re_Pre_Trial_and_Trial_Publicity.pdf
OK   016    129923 016_2025-09-24_Order_to_Transport.pdf
OK   017    593267 017_2025-09-24_Standing_Decorum_Order.pdf
OK   018    173914 018_2025-09-25_Affidavit_Declaration_Rule_8_Declaration_of_Kathryn_N_Nester.pdf
OK   019    154738 019_2025-09-25_Affidavit_Declaration_Rule_8_Declaration_of_Michael_N_Burt.pdf
OK   020    185498 020_2025-09-25_Affidavit_Declaration_Rule_8_Declaration_of_Richard_G_Novak.pdf
OK   022    342182 022_2025-09-25_Motion_Pro_Hac_Vice_to_Admit_Richard_G_Novak.pdf
OK   023    770303 023_2025-09-26_Order_Admitting_Michael_N_Burt_Pro_Hac_Vice.pdf
OK   024    769798 024_2025-09-27_Order_Findings_of_Fact_and_Conclusions_of_Law_Regarding_Appointment_of_Rule_8_Counsel.pdf
OK   025    770389 025_2025-09-27_Order_Admitting_Richard_G_Novak_Pro_Hac_Vice.pdf
OK   026    303744 026_2025-09-28_Supplemental_Exhibit_to_Motion_and_Consent_of_Sponsoring_Local_Counsel_for_Pro_Hac_Vice_Admission_of.pdf
OK   027    209571 027_2025-09-28_Supplemental_Exhibit_to_Motion_and_Consent_of_Sponsoring_Local_Counsel_for_Pro_Hac_Vice_Admission_of.pdf
OK   028    295268 028_2025-09-28_Supplemental_Exhibit_to_Rule_8_Declaration_of_Michael_N_Burt.pdf
OK   029    318219 029_2025-09-28_Supplemental_Exhibit_to_Rule_8_Declaration_of_Richard_G_Novak.pdf
OK   030    146974 030_2025-09-30_Appearance_of_Counsel_Notice_of_Limited_Appearance_of_Counsel.pdf
OK   031    147485 031_2025-09-30_Appearance_of_Counsel_Notice_of_Limited_Appearance_of_Counsel.pdf
OK   032    147938 032_2025-09-30_Appearance_of_Counsel_Notice_of_Limited_Appearance_of_Counsel.pdf
OK   033    146466 033_2025-09-30_Appearance_of_Counsel_Notice_of_Limited_Appearance_of_Counsel.pdf
OK   034    147438 034_2025-09-30_Appearance_of_Counsel_Notice_of_Limited_Appearance_of_Counsel.pdf
OK   035    272479 035_2025-09-30_Request_for_Discovery.pdf
OK   036    726584 036_2025-10-01_Telephonic_Conference.pdf
OK   037    726450 037_2025-10-01_Telephonic_Conference.pdf
OK   038    122011 038_2025-09-29_Request_and_Order_for_Electronic_Media_Coverage_of_Court_Proceedings.pdf
OK   039    101426 039_2025-10-06_Request_for_Audio_Recording.pdf
OK   040    120077 040_2025-10-08_Copy_of_Video_Audio_Record_completed.pdf
OK   041    128484 041_2025-10-08_Motion_to_Preserve_Evidence.pdf
OK   042    162710 042_2025-10-09_Motion_Permission_to_File_Overlength_Motion_to_Appear_in_Civilian_Clothes_and_Without_Restraints.pdf
OK   043    142511 043_2025-10-09_Request_Notice_to_Submit_Motion_for_Permission_to_File_Overlength_Motion_to_Appear_in_Civilian_Cloth.pdf
OK   044    521409 044_2025-10-09_Motion_Hearing_Requested_to_Appear_at_All_In_Person_Proceedings_in_Civilian_Clothing_and_Without_Res.pdf
OK   045    141473 045_2025-10-09_Order_Proposed_Temporary_Order_Allowing_Appearance_in_Civilian_Clothing_and_Without_Restraints.pdf
OK   046    132804 046_2025-10-13_Appearance_of_Counsel_Notice_of_Limited_Appearance.pdf
OK   047    182677 047_2025-10-13_Motion_for_Discovery_Protective_Order_Stipulated.pdf
OK   048    364821 048_2025-10-14_Interim_Order_Defendant_s_Motion_to_Appear_in_Civilian_Clothing_and_Without_Restraints.pdf
OK   049    101589 049_2025-10-14_Appearance_of_Counsel_Notice_of_Limited_Appearance_Richard_Novak.pdf
OK   050    808643 050_2025-10-15_Discovery_Protective_Order.pdf
OK   051    104795 051_2025-10-20_Motion_to_Classify_as_Private_the_Response_to_Defendant_s_Motion_to_Appear_in_Civilian_Clothing.pdf
OK   052    754374 052_2025-10-20_Order_Granting_Motion_to_Classify_as_Private_the_Response_to_Defendant_s_Motion_to_Appear_in_Civilia.pdf
OK   053    763408 053_2025-10-20_Order_Granting_Motion_to_Preserve_Evidence.pdf
OK   054    491744 054_2025-10-21_Motion_to_Strike_Response_to_Defendant_s_Motion_to_Appear_at_All_In_Person_Proceedings_in_Civilian_C.pdf
OK   055    134170 055_2025-10-21_Order_to_Transport.pdf
OK   056    246444 056_2025-10-22_Defendant_s_Opposition_to_the_State_of_Utah_s_Motion_under_Utah_Rule_of_Criminal_Procedure_17_5.pdf
OK   057    179766 057_2025-10-22_Motion_to_Set_Aside_October_20_2025_Order_Granting_Motion_to_Preserve_Evidence.pdf
OK   058    187822 058_2025-10-22_Response_to_Defendant_s_Motion_to_Preserve_Evidence.pdf
OK   059    194308 059_2025-10-22_Opposition_to_Motion_to_Strike_Response_to_Defendant_s_Motion_to_Appear_at_All_In_Person_Proceedings.pdf
OK   060    402999 060_2025-10-22_Reply_in_Support_of_Motion_re_Restraints_and_Civilian_Clothing.pdf
OK   061    400229 061_2025-10-23_Reply_in_Support_of_Motion_to_Strike_Response_to_Defendant_s_Motion_to_Appear_at_all_In_Person_Proce.pdf
OK   062    125680 062_2025-10-23_Request_and_Order_for_Electronic_Media_Coverage_of_Court_Proceedings.pdf
OK   063    125680 063_0000-00-00_Updated_Request_and_Order_for_Electronic_Media_Coverage_of_Court_Proceedings.pdf
OK   064    174959 064_2025-10-27_State_s_Notice_of_Open_File_Policy_and_Invitation_to_Inspect_Physical_Evidence.pdf
OK   065   3460751 065_2028-10-27_Ruling_and_Order_Granting_Defendant_s_Motion_to_Strike_and_Granting_in_Part_and_Denying_in_Part_Defe.pdf
OK   066   3087935 066_2025-10-30_Standing_Decorum_Order_Effective.pdf
OK   067    160002 067_2025-10-27_Motion_to_Extend_Time_Stipulated.pdf
OK   068    763515 068_2025-10-28_Order_Granting_Stipulated_Motion_to_Extend_Time.pdf
OK   069    144379 069_2025-10-30_Request_for_Notice_of_Motions_to_Close_Judicial_Proceedings_and_Records.pdf
OK   070    145559 070_2025-11-03_Stipulation_Motion_to_Order_Transcript_and_Classify_Transcript_and_Audio_as_Private.pdf
OK   071    187072 071_2025-11-03_Stipulated_Motion_Regarding_Order_to_Preserve_Evidence.pdf
OK   072    760548 072_2025-11-04_Stipulated_Order_1_Setting_aside_October_20_2025_Order_Granting_Motion_to_Preserve_Evidence_and_2_Gr.pdf
OK   073    268326 073_2025-11-05_Motion_for_Limited_Intervention_and_Request_for_Notice_of_Motions_to_Close_Seal_or_Reclassify.pdf
OK   074    214446 074_2025-11-06_State_s_Motion_to_Amend_or_Clarify_Court_s_Pre_Trial_and_Trial_Publicity_Order_Dkt_23.pdf
OK   075    196997 075_2025-11-10_Defendant_Tyler_James_Robinson_s_Response_to_Request_for_Notice_of_Motion_to_Close_Judicial_Proceedi.pdf
OK   076    260997 076_2025-11-13_Order_Requiring_Parties_to_Serve_All_Closure_of_Reclassification_Motions_on_the_Media.pdf
OK   077    203084 077_2025-11-13_Order_for_Transcript_of_October_24_2025_Hearing.pdf
OK   078    194298 078_2025-11-13_Media_s_Notice_of_Service_re_Motion_to_Classify_Transcript_and_Audio_Filed_November_3_2025.pdf
OK   079    125729 079_2025-11-14_Approved_Request_and_Order_for_Electronic_Media_Coverage_of_Court_Proceedings.pdf
OK   080     64608 080_2025-11-14_Not_Signed_Order_Proposed_Granting_Motion_to_Order_Transcript_and_Classify.pdf
OK   081    126285 081_2025-11-14_Request_and_Order_for_Electronic_Media_Coverage_of_Court_Proceedings.pdf
OK   082    196466 082_2025-11-19_Defendant_Tyler_James_Robinson_s_Response_to_Proposed_Media_Intervenors_Motion_for_Limited_Intervent.pdf
OK   083    199613 083_2025-11-19_State_s_Response_to_Motion_for_Limited_Intervention_and_Request_for_Notice_of_Motions_to_Close_Seal_.pdf
OK   084     21640 084_2025-11-20_Notice_for_Case_251403576.pdf
OK   085    211672 085_2025-11-20_Objection_to_State_s_Motion_to_Amend_or_Clarify_Court_s_Pre_Trial_and_Trial_Publicity_Order.pdf
OK   086    111723 086_2025-11-21_Request_and_Order_for_Electronic_Media_Coverage_of_Court_Proceedings.pdf
OK   087    126647 087_2025-11-21_Request_and_Order_for_Electronic_Media_Coverage_of_Court_Proceedings.pdf
OK   088    134934 088_2025-11-21_Order_to_Transport.pdf
OK   089    194358 089_2025-11-24_Motion_for_Limited_Intervention.pdf
OK   090    226712 090_2025-11-26_Reply_in_Support_of_Motion_for_Limited_Intervention_Proposed_Media_Intervenors.pdf
OK   091    121870 091_2025-11-17_Previously_omitted_Letter_From_Supreme_Court_Of_Utah.pdf
OK   092    216048 092_2025-11-28_Reply_Supporting_State_s_Motion_to_Amend_or_Clarify_Court_s_Pre_Trial_and_Trial_Publicity_Order_Dkt_.pdf
OK   093    207579 093_2025-12-04_Joint_Status_Report_of_the_Parties_Concerning_the_Redaction_of_Portions_of_the_Transcript_of_the_Oct.pdf
OK   094     50913 094_2025-12-05_UOVC_Restitution_Notice_Claim_1113665.pdf
OK   095    228986 095_2025-12-08_Defendant_Tyler_James_Robinson_s_Response_to_the_Motion_for_Limited_Intervention_of_Deseret_News_et_.pdf
OK   096    130680 096_2025-12-08_Request_and_Order_for_Electronic_Media_Coverage_of_Court_Proceedings.pdf
OK   097    292142 097_2025-12-08_Media_Intervenors_Memorandum_Opposing_Stipulated_Motion_to_Classify_as_Private_the_Transcript_and_Au.pdf
OK   098    343181 098_2025-12-08_Request_and_Order_for_Electronic_Media_Coverage_of_Court_Proceedings.pdf
OK   099    220652 099_2025-12-09_Defendant_Tyler_James_Robinson_s_Reply_to_Media_s_Memorandum_Opposing_Stipulated_Motion_to_Classify_.pdf
OK   100    224869 100_2025-12-15_Ruling_and_Order_Granting_State_s_Motion_to_Clarify_Court_s_Pretrial_and_Trial_Publicity_Order.pdf
OK   101    182433 101_2025-12-17_Motion_to_Order_Transcript_and_Temporarily_Classify_Transcript_and_Audio_as_Private.pdf
OK   102   2739676 102_2025-12-17_Public_Version_Motion_to_Disqualify.pdf
OK   103    125935 103_2025-12-23_Request_and_Order_for_Electronic_Media_Coverage_of_Court_Proceedings.pdf
OK   104    729420 104_2025-12-24_REVIEW_ORAL_ARGUMENT.pdf
OK   105    415727 105_2025-12-29_Ruling_and_Order_re_Stipulated_Motion_to_Classify_Transcript_and_Audio_as_Private.pdf
OK   106    238156 106_2025-12-29_Order_Denying_the_Media_s_Request_to_Intervene_and_Standing_Order_for_Rule_4_202_04_Notice_of_Motion.pdf
OK   107   1060521 107_2025-12-29_Transcript_of_October_24_2025_Hearing_Redacted_Transcript.pdf
OK   108   1369739 108_2026-01-09_Previously_filed_as_private_Defendant_Motion_Filed_Jan_9_2026_wExhibits.pdf
OK   109   4501329 109_2026-01-10_Opposition_to_Defendant_s_Motion_to_Disqualify_the_Utah_County_Attorney_s_Office.pdf
OK   110    177769 110_2026-01-12_Subpoena_for_Sgt_David_Hull.pdf
OK   111    170617 111_2026-01-12_Partial_Reply_to_Opposition_to_Motion_to_Disqualify_Public.pdf
OK   112    174069 112_2026-01-15_News_Media_s_Memorandum_Opposing_Motion_to_Classify_Defendant_s_Motion_filed_January_9_2026.pdf
OK   113    161100 113_2026-01-16_Motion_to_Classify_Motion_to_Exclude.pdf
OK   114    106982 114_2026-01-16_Victim_Representative_s_Invocation_of_the_Speedy_Trial_Act.pdf
OK   115    124634 115_2026-01-22_Request_and_Order_for_Electronic_Media_Coverage_of_Court_Proceedings.pdf
OK   116    201657 116_2026-01-22_Reply_in_Support_of_Motion_to_Classify_as_Private_Jan_9.pdf
OK   117    195473 117_2026-01-23_News_Media_s_Memorandum_Opposing_Motion_to_Classify_re_Motion_to_Exclude_Cameras_Filed_January_16_20.pdf
OK   118    250008 118_2026-01-23_New_Media_s_Motion_to_Amend_Standing_Order_for_Rule_4_202_04_Notice_of_Motions_for_Classification.pdf
OK   119    182000 119_2026-01-27_Defendant_Tyler_James_Robinson_s_Notice_of_Objection_to_the_State_of_Utah_s_Proposed_Exhibit_4_1_Mem.pdf
OK   120    129219 120_2026-01-28_Request_and_Order_for_Electronic_Media_Coverage_and_Court_Proceedings.pdf
OK   121    197016 121_2026-01-29_News_Media_s_Motion_for_Attorneys_Eyes_Only_Access_to_Closure_Motions.pdf
OK   122    214112 122_2026-01-29_News_Media_s_Sur_Reply_Opposing_Motion_to_Classify_Defendant_s_Motion_Filed_January_9_2026.pdf
OK   123    167982 123_2026-01-29_State_s_Opposition_to_Motion_to_Classify_Defendant_s_Motion_Filed_January_9_2026_as_Private.pdf
OK   124    190903 124_2026-01-29_Memorandum_in_Response_to_Defendant_s_Objection_to_Exhibit_4_1.pdf
OK   125    204323 125_2026-01-30_Defendant_s_Reply_in_Support_of_Motion_to_Classify_Motion_to_Exclude.pdf
OK   126    153528 126_2026-01-30_State_s_Opposition_to_Defendants_Motion_to_Classify_Motion_to_Exclude_Still_Photographers_TV_Cameras.pdf
OK   127    223716 127_2030-17-68_Defendant_Tyler_Robinson_s_Renewed_Request_that_this_Court_Refer_the_Motion_to_Disqualify_to_the_Uta.pdf
OK   128    301162 128_2026-01-30_Opposition_to_Motion_to_Exclude_Cameras_Provisional_Opposition_Filed_by_the_News_Media.pdf
OK   129    342993 129_2026-01-30_State_s_Memorandum_Opposing_Defendant_s_Motion_to_Exclude_Still_Photographers_TV_Cameras_and_Microph.pdf
OK   130    895539 130_2026-01-30_Attachment_A.pdf
OK   131   1099417 131_2026-01-30_Attachment_B.pdf
OK   132   1279270 132_2026-01-30_Attachment_C.pdf
OK   133   1740823 133_2026-01-30_Attachment_D.pdf
OK   134   1026674 134_2026-01-30_Attachment_E.pdf
OK   135   2088562 135_2026-01-30_Attachment_F.pdf
OK   136   4695642 136_2026-01-30_Attachment_G.pdf
OK   137   5621812 137_2026-01-30_Attachment_H.pdf
OK   138   3872012 138_2026-01-30_Attachment_H.pdf
OK   139    233190 139_2026-02-02_State_s_Opposition_to_Defendant_s_Renewed_Request_to_Refer_the_Motion_to_Disqualify_to_the_Utah_Atto.pdf
OK   140    180354 140_2026-02-02_Proffer_of_Facts_re_Closure_of_Portions_of_Evidentiary_Hearing_on_Motion_to_Disqualify_UCAO.pdf
OK   141    107037 141_2026-02-02_Notice_Concerning_Media_Access.pdf
OK   142    134858 142_2026-02-03_Order_for_Transport.pdf
OK   143    153801 143_2026-02-04_Defendant_s_Response_to_News_Media_s_Motion_to_Amend_Standing_Order_for_Rule_4_202_04_Notice_of_Moti.pdf
OK   144    120849 144_2026-02-05_State_s_Response_to_News_Media_s_Motion_to_Amend_Standing_Order_for_Rule_4_202_04_Motions_for_Classi.pdf
OK   145    157525 145_2026-02-05_Defendant_s_Reply_to_State_s_Opposition_to_Motion_to_Classify_Defendant_s_Motion_Filed_Jan_9_2026_as.pdf
OK   146    175790 146_2026-02-06_Reply_to_State_s_Opposition_to_Motion_to_Classify_Motion_to_Exclude_Cameras.pdf
OK   147    164059 147_2026-02-06_Memorandum_State_s_Response_to_News_Media_s_Motion_for_Attorney_s_Eyes_Only_Access_to_Closure_Motion.pdf
OK   148    174981 148_2026-02-12_Opposition_to_Defendant_Tyler_James_Robinson_s_Memorandum_in_Opposition_to_News_Media_s_Motion_for_A.pdf
OK   149     55850 149_2026-01-02_Previously_omitted_from_docket_Appellate_Court_Document_Order.pdf
OK   150    130696 150_2026-02-23_Order_to_Appear_for_Hearing.pdf
OK   151     19872 151_2026-02-23_Exhibit_List_In_Person_Oral_Argument.pdf
OK   152    729376 152_2026-02-23_Oral_Argument_Evidentiary_Hearing.pdf
OK   153    429857 153_2026-02-23_Standing_Decorum_Order_Effective_February_24_2026.pdf
OK   154    203750 154_2026-02-23_Order_on_February_3_2026_Hearing_Transcript.pdf
OK   155    209310 155_2026-02-23_Standing_Order_on_Redacting_and_Filing_Transcripts.pdf
OK   156    251270 156_2026-02-23_Rulings_and_Orders_Granting_News_Media_s_Motion_to_Amend_Standing_Order_for_Rule_4_202_04_Notice_of_.pdf
OK   157    463132 157_2026-02-24_Ruling_and_Order_Denying_Defendant_s_Motion_to_Disqualify_Utah_County_Attorney_s_Office.pdf
OK   158     41741 158_2026-01-05_Previously_omitted_Appellate_Court_Document_Notice_of_Decision.pdf
OK   159    170991 159_2026-02-26_Defendant_Tyler_James_Robinson_s_Motion_to_Close_Portions_of_the_April_17_2026_Evidentiary_Hearing.pdf
OK   160    169934 160_2026-03-06_News_Media_Memorandum_Opposing_Motion_to_Classify_Reply_in_Support_of_Motion_to_Exclude_Cameras.pdf
OK   161    188225 161_2026-03-06_State_s_Opposition_to_Defendant_s_Motion_to_Classify_Reply_in_Support_of_Motion_to_Exclude_Still_Pho.pdf
OK   162    158375 162_2026-03-10_Request_and_Order_for_Electronic_Media_Coverage_of_Court_Proceedings.pdf
OK   163    161104 163_2026-03-10_News_Media_Motion_to_Classify_Supplemental_Memorandum_Opposing_Motion_to_Classify_Defendants_Motion_.pdf
OK   164   2348025 164_2026-03-10_News_Media_Supplemental_Opposition_to_Motion_to_Exclude_Cameras.pdf
OK   165     50865 165_2026-03-11_UOVC_Restitution_Notice_Claim_1113572.pdf
OK   166     50865 166_2026-03-11_Request_and_Order_for_Electronic_Media_Coverage_of_Court_Proceedings.pdf
OK   167    384995 167_2026-03-11_State_s_Response_to_Defendant_s_Motion_to_Close_Portions_of_the_April_17_2026_Evidentiary_Hearing.pdf
OK   168    161896 168_2026-03-10_Previously_omitted_New_Media_s_Supplemental_Memorandum_Opposing_Motion_To_Classify_Defendant_s_Motio.pdf
OK   169    174879 169_2026-03-18_Notice_of_Expert_Dr_Ruva.pdf
OK   170   1551455 170_2026-03-27_Defendant_Tyler_James_Robinson_s_Motion_to_Vacate_or_Continue_Preliminary_Hearing_with_Addenda.pdf
OK   171   3919082 171_2026-03-30_Redacted_Motion_to_Exclude_Still_Photographers_TV_Cameras_and_Microphones_from_the_Courtroom.pdf
OK   172    170244 172_2026-03-31_Return_of_Electronic_Notification.pdf
OK   173    174911 173_2026-04-03_Request_for_Discovery_Defendant_Tyler_James_Robinson_s_Supplemental_Request_for_Discovery.pdf
OK   174    280950 174_2026-04-03_Memorandum_in_Opposition_to_Defendant_s_Motion_to_Vacate_the_May_18_Preliminary_Hearing_dckt_466.pdf
OK   175    207138 175_2026-04-06_Notice_of_Expert_Dr_Edelman.pdf
OK   176    175412 176_2026-04-06_Amended_Notice_of_Exert_Dr_Ruva.pdf
OK   177    289983 177_2026-04-08_Notice_of_Appearance_as_Counsel_of_Record.pdf
OK   178    817174 178_2026-04-08_Motion_and_Consent_of_Sponsoring_Local_Counsel_for_Pro_Hac_Vice_Admission_of_Jeffrey_A_Neiman.pdf
OK   179    266457 179_2026-04-10_Defendant_Tyler_James_Robinson_s_Reply_in_Support_of_Motion_to_Vacate_or_Continue_Preliminary_Hearin.pdf
OK   180    516362 180_2026-04-10_State_s_Objection_to_Defendant_s_Supplemental_Request_for_Discovery.pdf
OK   181    158729 181_2026-04-14_Request_and_Order_for_Electronic_Media_Coverage_of_Court_Proceedings.pdf
OK   182    769258 182_2026-04-14_Order_Granting_Motion_and_Consent_of_Sponsoring_Local_Counsel_for_Pro_Hac_Vice_Admission.pdf
OK   183   3601562 183_2026-04-16_Motion_for_OSC_for_Contempt_and_Motion_to_Compel.pdf
OK   184   5492425 184_2026-04-16_Declaration_of_Counsel_in_Support_of_OSC.pdf
OK   185   3236600 185_2026-04-30_Opposition_to_Motion_for_an_Order_to_Show_Cause_for_Alleged_Contempt_of_Court_and_for_an_Order_Compe.pdf
OK   186    195116 186_2026-05-01_Motion_in_Limine_to_Close_Portions_of_Preliminary_Hearing_and_Seal_Particular_Exhibits.pdf
OK   187    149350 187_2026-05-01_Supplemental_Notice_re_State_s_Evidence_at_Preliminary_Hearing.pdf
OK   188    147763 188_2026-05-05_Order_to_Appear.pdf
OK   189    372832 189_2026-05-06_State_s_Preliminary_Hearing_Witness_and_Exhibit_List.pdf
OK   190    267619 190_2026-05-06_Defendant_Tyler_James_Robinson_s_Motion_in_Limine_to_Preclude_the_Utilization_of_Art_I_sec_12_and_Ru.pdf
OK   191    495303 191_2026-05-07_Reply_to_Opposition_to_Motion_for_an_Order_to_Show_Cause_for_Alleged_Contempt_of_Court_and_for_an_Or.pdf
OK   192    201856 192_2026-05-08_Objection_to_Defendant_s_Motion_in_Limine_to_Prelude_the_Utilization_of_Article_I_Section_12_of_the_.pdf
OK   193    227077 193_2026-05-08_Objection_to_Defendant_s_Motion_in_Limine_to_Close_Portions_of_the_Preliminary_Hearing_and_Seal_Exhi.pdf
OK   194   1820592 194_2026-05-08_Ruling_and_Order_on_Defendant_s_Motion_to_Vacate_or_Continue_Preliminary_Hearing_Pending_Discovery_a.pdf
OK   195   4029500 195_2026-05-08_Ruling_and_Order_on_Defendant_s_Motion_to_Exclude_Still_Photographers_TV_Cameras_and_Microphones_fro.pdf
OK   196    158976 196_2026-05-11_Request_and_Order_for_Electronic_Media_Coverage_of_Court_Proceedings.pdf
OK   197    729810 197_2026-05-12_Ruling_on_the_Record.pdf
OK   198    236869 198_2026-05-15_Opposition_to_Defendant_s_Motion_to_Close_Portions_of_Preliminary_Hearing_and_Seal_Exhibits.pdf
OK   199    309560 199_2026-05-15_State_s_Response_to_Tyler_James_Robinson_s_Motion_in_Limine.pdf
OK   200    309583 200_2026-05-15_Corrected_State_s_Response_to_Tyler_James_Robinson_s_Motion_in_Limine.pdf
OK   201    233490 201_2026-05-18_Reply_in_Support_of_Motion_to_Close_Seal_Portions_of_Preliminary_Hearing.pdf
OK   202    160601 202_2026-05-19_Request_and_Order_for_Electronic_Media_Coverage_of_Court_Proceedings.pdf
OK   203    302640 203_2026-05-27_Opposition_to_Defendant_s_Motion_to_Preclude_Hearsay_at_Preliminary_Hearing.pdf
OK   204    146683 204_2026-05-29_Notice_of_Filing_Petition_for_Permission_to_Appeal_from_Interlocutory_Order.pdf
OK   205    447215 205_2026-05-31_Defendant_Tyler_James_Robinson_s_Motion_to_Stay_Pending_Interlocutory_Review.pdf
OK   206    370125 206_2026-06-01_Ruling_and_Order_Denying_Defendant_s_Motion_in_Limine_to_Close_Portions_of_the_Preliminary_Hearing_T.pdf
OK   207    268404 207_2026-06-01_Ruling_and_Order_Granting_Defendant_s_Motion_for_Order_to_Show_Cause_Docket_504_and_Denying_Request_.pdf
OK   208    446092 208_2026-06-03_Reply_in_Support_of_Defendant_s_Motion_in_Limine_to_Preclude_re_Hearsay.pdf
OK   209    238120 209_2026-06-06_Opposition_to_Motion_to_Stay_Pending_Interlocutory_Review.pdf
OK   210    322384 210_2026-06-09_Reply_in_Support_of_Defendant_Tyler_James_Robinson_s_Motion_to_Stay_Pending_Interlocutory_Review_Dkt.pdf
OK   211    108063 211_2026-06-12_Utah_Attorney_General_s_Notice_of_Intent_Not_to_Respond_to_Constitutional_Challenge.pdf
OK   212    211750 212_2026-06-16_Opposition_to_Application_for_Certificate_of_Attendance_of_Out_of_State_Witness.pdf
OK   213    141561 213_2026-06-17_Order_to_Appear.pdf
OK   214    353931 214_2026-06-17_Objection_to_Defendant_s_Request_to_Remove_the_Death_Penalty_as_a_Sanction_in_the_Event_the_Court_Gr.pdf
OK   215    161304 215_2026-06-18_Request_and_Order_for_Electronic_Media_Coverage_of_Court_Proceedings.pdf
OK   216    161090 216_2026-06-18_Request_and_Order_for_Electronic_Media_Coverage_of_Court_Proceedings_Preliminary_Hearing.pdf
OK   217    187514 217_2026-06-18_Reply_in_Support_of_Application_for_Certificate_for_Attendance_of_Out_of_State_Witness.pdf
OK   218    211750 218_2026-06-18_Opposition_to_State_s_Uninvited_Objection_to_Defendant_s_Request_to_Remove_the_Death_Penalty_as_a_Sa.pdf
OK   219    173823 219_2026-06-19_Defendant_Tyler_James_Robinson_s_Second_Supplemental_Request_for_Discovery.pdf
OK   220    168286 220_2026-06-21_Opposition_to_Defendant_Tyler_James_Robinson_s_Opposition_to_Electronic_Media_Request_for_the_Prelim.pdf
OK   221    751462 221_2026-06-22_Order_Regarding_Defendant_s_Application_for_Certificate_for_Attendance_of_Out_of_State_Witness_and_S.pdf
OK   222    986465 222_2026-06-22_Notice_of_Filing_News_Media_Response_to_Defendant_s_Petition_for_Permission_to_Appeal_Interlocutory_.pdf
OK   223    729544 223_2026-06-23_Ruling_on_the_Record.pdf
OK   224    380001 224_2026-06-23_Ruling_And_Order_On_Defendant_s_Motion_In_Limine_To_Preclude_Utilization_Of_Article_I_Section_12_Of_.pdf
OK   225    204814 225_2026-06-23_Minute_Entry_Order_RE_Electronic_Devices_In_Courtroom_Prohibited_During_Preliminary_Hearing.pdf
OK   226    168558 226_2026-06-24_Opposition_to_Defendant_Tyler_James_Robinson_s_Opposition_to_EMC_Order_for_the_Preliminary_Hearing_D.pdf
OK   227   2225501 227_2026-06-24_News_Media_Response_to_Defendant_s_Opposition_to_Electronic_Media_Request_for_the_Preliminary_Hearin.pdf
OK   228    168558 228_2026-06-24_Defendant_Tyler_James_Robinson_s_Opposition_to_EMC_Order_for_the_Preliminary_Hearing_Dkt_634.pdf
OK   229    168628 229_2026-06-24_Opposition_to_Defendant_Tyler_James_Robinson_s_Opposition_to_EMC_Order_for_the_Prelim_Dkt_641.pdf
OK   230    200921 230_2026-06-24_Opposition_to_Defendant_s_Motion_to_Classify_Application_for_Certificate_to_Secure_Out_of_State_Witn.pdf
OK   231   2211277 231_2026-06-25_News_Media_Response_to_Defendant_Opposition_to_EMC_Orders_for_the_Preliminary_Hearing_Still_Photogra.pdf
OK   232    391489 232_2026-06-26_Request_and_Order_for_Electronic_Media_Coverage_of_Court_Proceedings.pdf
OK   233    152462 233_2026-06-26_Notice_of_Filing_Petition_for_Permission_to_Appeal_from_Two_Interlocutory_Orders.pdf
OK   234    823416 234_2026-06-30_Ruling_And_Order_On_Defendant_s_Objections_To_Electronic_Media_Requests.pdf
OK   235   2241241 235_2026-07-01_News_Media_Motion_to_Amend_Minute_Entry_Order_to_Allow_Use_of_Portable_Electronic_Devices_by_the_New.pdf
OK   236    148897 236_2026-07-02_Response_to_Defendant_s_Second_Supplemental_Request_for_Discovery.pdf
OK   237    193929 237_2026-07-02_Reply_in_Support_of_Motion_to_Classify_Application_as_Private.pdf
OK   238    180781 238_2026-07-03_Defendant_s_Standing_Objections_to_State_s_Exhibits.pdf
OK   239   2245337 239_2026-07-04_News_Media_Amended_Motion_to_Allow_Portable_Electronic_Devices.pdf
OK   240    729039 240_2026-07-08_PRELIMINARY_HEARING.pdf
OK   241    190605 241_2026-07-08_Supplemental_Notice_Concerning_Access_to_Evidence_Presented_in_Open_Court.pdf
OK   242     93068 242_2026-07-10_Request_for_Speedy_Disposition_and_Prompt_Bindover.pdf
OK   243    728371 243_2026-07-21_PRELIMINARY_HEARING_DAY_2.pdf
OK   244    727114 244_2026-07-21_PRELIMINARY_HEARING.pdf
OK   245    728538 245_2026-07-21_PRELIMINARY_HEARING.pdf
OK   246    319679 246_2026-07-28_Memorandum_in_Support_of_Preliminary_Hearing_Bindover.pdf
OK   247    389135 247_2026-08-11_Defendant_Tyler_James_Robinson_s_Preliminary_Hearing_Briefing.pdf
OK   248    165313 248_2026-08-18_Request_and_Order_for_Electronic_Media_Coverage_of_Court_Proceedings.pdf
OK   249    167821 249_2026-08-18_Request_and_Order_for_Electronic_Media_Coverage_of_Court_Proceedings.pdf
OK   250    277548 250_2026-08-18_State_s_Reply_Supporting_Preliminary_Hearing_Bindover.pdf
OK   251    155970 251_2026-08-22_Opposition_to_Defendant_Tyler_James_Robinson_s_Opposition_to_EMC_Order_for_the_September_1_2026_Hear.pdf
OK   252    156178 252_2026-08-22_Opposition_to_Defendant_Tyler_James_Robinson_s_Opposition_to_EMC_Order_for_the_September_1_2026_Hear.pdf
OK   253    245747 253_2026-08-27_Minute_Entry_Order_RE_Electronic_Device_In_Courtroom_Prohibited_During_September_1_2026_Hearing.pdf
OK   254    481698 254_2026-08-27_Standing_Decorum_Order_Effective_August_28_2026.pdf
OK   255   2213105 255_2026-08-27_News_Media_Opposition_to_Defendant_Motion_to_Classify_Unredacted_Oppositions_to_EMC_Orders_for_the_S.pdf
OK   256   2219659 256_2026-08-27_News_Media_Consolidated_Response_to_Defendant_Opposition_to_EMC_Orders_for_the_September_1_2026_Hear.pdf
OK   257    572857 257_2026-08-28_Defendant_Tyler_James_Robinson_s_Discovery_Status_Report.pdf
OK   258    661883 258_2026-08-28_Amended_Standing_Decorum_Order_Effective_August_28_2026.pdf

DONE ok=255 already=3 fail=0 total=258
